Open Watcom Linker Version 2.0 beta Nov 22 2021 00:22:14 (64-bit)
Copyright (c) 2002-2021 The Open Watcom Contributors. All Rights Reserved.
Portions Copyright (c) 1985-2002 Sybase, Inc. All Rights Reserved.
Created on:       21/11/23 10:22:55
Executable Image: bin/graphOS.bin
creating a RAW Binary Image executable


                        +------------+
                        |   Groups   |
                        +------------+

Group                           Address              Size
=====                           =======              ====

DGROUP                          00002578             00000044



                        +--------------+
                        |   Segments   |
                        +--------------+

Segment                Class          Group          Address         Size
=======                =====          =====          =======         ====

_TEXT                  CODE           AUTO           00000000        00000578
_STACK                 STACK          AUTO           00000578        00002000
CONST                  DATA           DGROUP         00002578        00000036
CONST2                 DATA           DGROUP         000025ae        00000000
_DATA                  DATA           DGROUP         000025ae        0000000e


                        +----------------+
                        |   Memory Map   |
                        +----------------+

* = unreferenced symbol
+ = symbol only referenced locally

Address        Symbol
=======        ======

Module: bin/boot.o(src/boot.asm)
00000000       _small_code_
Module: bin/kernel.o(/home/barbo/Desktop/graphOS/src/kernel.c)
00000205+      getc_
00000222+      putc_
00000254*      puts_
0000026f+      puts_c_
00000291*      puts_l_
000002b3+      cls_
000002cb*      fill_b_
000002e3+      memcpy_
0000030c+      put_flist_
00000372+      gen_adjmat_
00000416+      put_adjmat_
000004a3+      initg_
00000511+      cmd_
0000055b       _kernel_


                        +--------------------+
                        |   Libraries Used   |
                        +--------------------+



                        +-----------------------+
                        |   Linker Statistics   |
                        +-----------------------+

Stack size:  2000 (8192.)
Memory size:  25bc (9660.)
Entry point address: 00000000
Link time: 00:00.90
