Open Watcom Linker Version 2.0 beta Nov 18 2021 00:49:29 (64-bit)
Copyright (c) 2002-2021 The Open Watcom Contributors. All Rights Reserved.
Portions Copyright (c) 1985-2002 Sybase, Inc. All Rights Reserved.
Created on:       21/11/24 21:46:32
Executable Image: bin\graphOS.bin
creating a RAW Binary Image executable


                        +------------+
                        |   Groups   |
                        +------------+

Group                           Address              Size
=====                           =======              ====

DGROUP                          0000283a             00000118



                        +--------------+
                        |   Segments   |
                        +--------------+

Segment                Class          Group          Address         Size
=======                =====          =====          =======         ====

_TEXT                  CODE           AUTO           00000000        0000083a
_STACK                 STACK          AUTO           0000083a        00002000
CONST                  DATA           DGROUP         0000283a        000000eb
CONST2                 DATA           DGROUP         00002926        00000000
_DATA                  DATA           DGROUP         00002926        00000017
_BSS                   BSS            DGROUP         0000293e        00000014


                        +----------------+
                        |   Memory Map   |
                        +----------------+

* = unreferenced symbol
+ = symbol only referenced locally

Address        Symbol
=======        ======

Module: bin\boot.o(src\boot.asm)
00000000       _small_code_
Module: bin\kernel.o(C:\Users\Owner\Desktop\graphOS\src\kernel.c)
00000205+      getc_
00000222+      putc_
00000254+      puts_
0000026f+      puts_c_
00000291*      puts_l_
000002b3+      cls_
000002cb+      fill_b_
000002e3+      memcpy_
0000030c+      check_t_
00000329+      next_vert_
00000399+      utraversed_v_
000003ea+      get_slist_v_
00000440+      put_slist_v_
000004b6+      put_slist_
000004dd+      gen_adjmat_
00000581+      put_adjmat_
0000060e+      put_path_
00000668+      check_v_
000006ae+      fpath_2v_
00000719+      initg_
00000784+      cmd_
0000081d       kernel_


                        +--------------------+
                        |   Libraries Used   |
                        +--------------------+



                        +-----------------------+
                        |   Linker Statistics   |
                        +-----------------------+

Stack size:  2000 (8192.)
Memory size:  2952 (10578.)
Entry point address: 00000000
Link time: 00:00.05
